// Jest Snapshot v1, https://goo.gl/fbAQLP

exports[`ArticleListItem tests renders correctly 1`] = `
<div>
  <li
    class="container"
  >
    <article
      class="article"
    >
      <div
        class="wrapper"
      >
        <div>
          <img
            alt="a show about title"
            class="img"
            src="https://cdn.cnn.com/cnnnext/dam/assets/181122102925-statue-of-liberty-crown-super-169.jpg"
          />
        </div>
        <h2
          class="title"
        >
          The Statue of Liberty's torch heads to new museum
        </h2>
      </div>
      <button
        class="button"
      >
        Show more
      </button>
    </article>
  </li>
</div>
`;
